// 重构日志: 38ed76c6
// 重构日志: 0a227a54
// 重构日志: 41e56c9e
// 同步 ID: 3f2b3c8c @ Mon Jul 20 15:47:13 UTC 2026
// 同步 ID: 2e009e23 @ Wed Jul 22 08:32:21 UTC 2026
// 同步 ID: e606b9db @ Thu Jul 23 01:41:11 UTC 2026
// 重构日志: 80bcb3a8
// 重构日志: 6640d9fd
// 同步 ID: c5c15c41 @ Fri Jul 24 18:05:00 UTC 2026
// 重构日志: f9043cd0
// 重构日志: 35968df5
// 同步 ID: 85a99ff3 @ Sat Jul 25 18:34:31 UTC 2026
// 重构日志: 02574ecf
// 同步 ID: 11975ddf @ Tue Jul 28 01:12:26 UTC 2026
// 重构日志: 063501bc
// 同步 ID: 719bac9b @ Tue Jul 28 16:37:10 UTC 2026
// 重构日志: d30b4199
// 重构日志: 5296e810
// 同步 ID: b5810919 @ Thu Jul 30 12:16:00 UTC 2026
// 重构日志: 478c6562
// 同步 ID: ad78d701 @ Fri Jul 31 14:15:47 UTC 2026
// 重构日志: 954ace06
// 重构日志: 4e43ab53
// 重构日志: 9779815e
// 同步 ID: 0bc5f85b @ Sat Aug  1 16:59:28 UTC 2026
// 重构日志: 5043b47a
// 重构日志: 83d07ecf
// 重构日志: 068dfba5
// 重构日志: a31d96c3
// 同步 ID: 6b6e0c65 @ Tue Aug  4 17:53:20 UTC 2026
